<html>
<body>
<pre>
<h1>µVision Build Log</h1>
<h2>Tool Versions:</h2>
IDE-Version: µVision V5.25.3.0
Copyright (C) 2018 ARM Ltd and ARM Germany GmbH. All rights reserved.
License Information: ssss kant, xxxx, LIC=3964U-SN6F3-NEBHX-F4LKF-AUW7Q-70ZN8
 
Tool Versions:
Toolchain:       DK-ARM Developers Kit  Version: 5.28.0.0
Toolchain Path:  B:\keil\ARM\ARMCC\Bin
C Compiler:      Armcc.exe V5.06 update 6 (build 750)
Assembler:       Armasm.exe V5.06 update 6 (build 750)
Linker/Locator:  ArmLink.exe V5.06 update 6 (build 750)
Library Manager: ArmAr.exe V5.06 update 6 (build 750)
Hex Converter:   FromElf.exe V5.06 update 6 (build 750)
CPU DLL:         SARMCM3.DLL V5.28.0.0
Dialog DLL:      DCM.DLL V1.17.3.0
Target DLL:      UL2CM3.DLL V1.162.16.0
Dialog DLL:      TCM.DLL V1.36.2.0
 
<h2>Project:</h2>
B:\Users\learning\Practice embedded projects\Sushant Selfmade DRIVERS for STM3f0\I2C_drivers\I2C_drivers.uvprojx
Project File Date:  05/25/2020

<h2>Output:</h2>
*** Using Compiler 'V5.06 update 6 (build 750)', folder: 'B:\keil\ARM\ARMCC\Bin'
Build target 'Target 1'
compiling main.c...
compiling I2C_driver.c...
I2C_driver.c(130): warning:  #550-D: variable "tempreg"  was set but never used
  	uint8_t tempreg;
I2C_driver.c(178): warning:  #550-D: variable "tempreg"  was set but never used
  	uint8_t tempreg;
I2C_driver.c: 2 warnings, 0 errors
linking...
Program Size: Code=648 RO-data=252 RW-data=0 ZI-data=1632  
".\Objects\I2C_drivers.axf" - 0 Error(s), 2 Warning(s).

<h2>Software Packages used:</h2>

Package Vendor: ARM
                http://www.keil.com/pack/ARM.CMSIS.5.7.0.pack
                ARM.CMSIS.5.7.0
                CMSIS (Cortex Microcontroller Software Interface Standard)
   * Component: CORE Version: 5.4.0

Package Vendor: Keil
                http://www.keil.com/pack/Keil.STM32F1xx_DFP.2.3.0.pack
                Keil.STM32F1xx_DFP.2.3.0
                STMicroelectronics STM32F1 Series Device Support, Drivers and Examples
   * Component: Startup Version: 1.0.0

<h2>Collection of Component include folders:</h2>
  .\RTE\Device\STM32F103C8
  .\RTE\_Target_1
  B:\keil\ARM\PACK\ARM\CMSIS\5.7.0\CMSIS\Core\Include
  B:\keil\ARM\PACK\Keil\STM32F1xx_DFP\2.3.0\Device\Include

<h2>Collection of Component Files used:</h2>

   * Component: ARM::CMSIS:CORE:5.4.0

   * Component: Keil::Device:Startup:1.0.0
      Source file:   Device\Source\ARM\STM32F1xx_OPT.s
      Source file:   Device\Source\system_stm32f10x.c
      Include file:  RTE_Driver\Config\RTE_Device.h
      Source file:   Device\Source\ARM\startup_stm32f10x_md.s
Build Time Elapsed:  00:00:01
</pre>
</body>
</html>
